Archive member included because of file (symbol)

/home/marco/ARMToolchain/gcc-arm-none-eabi-4_9-2015q2/bin/../lib/gcc/arm-none-eabi/4.9.3/../../../../arm-none-eabi/lib/armv6-m/libc_nano.a(lib_a-exit.o)
                              /home/marco/ARMToolchain/gcc-arm-none-eabi-4_9-2015q2/bin/../lib/gcc/arm-none-eabi/4.9.3/../../../../arm-none-eabi/lib/armv6-m/crt0.o (exit)
/home/marco/ARMToolchain/gcc-arm-none-eabi-4_9-2015q2/bin/../lib/gcc/arm-none-eabi/4.9.3/../../../../arm-none-eabi/lib/armv6-m/libc_nano.a(lib_a-impure.o)
                              /home/marco/ARMToolchain/gcc-arm-none-eabi-4_9-2015q2/bin/../lib/gcc/arm-none-eabi/4.9.3/../../../../arm-none-eabi/lib/armv6-m/libc_nano.a(lib_a-exit.o) (_global_impure_ptr)
/home/marco/ARMToolchain/gcc-arm-none-eabi-4_9-2015q2/bin/../lib/gcc/arm-none-eabi/4.9.3/../../../../arm-none-eabi/lib/armv6-m/libc_nano.a(lib_a-init.o)
                              /home/marco/ARMToolchain/gcc-arm-none-eabi-4_9-2015q2/bin/../lib/gcc/arm-none-eabi/4.9.3/../../../../arm-none-eabi/lib/armv6-m/crt0.o (__libc_init_array)
/home/marco/ARMToolchain/gcc-arm-none-eabi-4_9-2015q2/bin/../lib/gcc/arm-none-eabi/4.9.3/../../../../arm-none-eabi/lib/armv6-m/libc_nano.a(lib_a-memset.o)
                              /home/marco/ARMToolchain/gcc-arm-none-eabi-4_9-2015q2/bin/../lib/gcc/arm-none-eabi/4.9.3/../../../../arm-none-eabi/lib/armv6-m/crt0.o (memset)
/home/marco/ARMToolchain/gcc-arm-none-eabi-4_9-2015q2/bin/../lib/gcc/arm-none-eabi/4.9.3/../../../../arm-none-eabi/lib/armv6-m/libnosys.a(_exit.o)
                              /home/marco/ARMToolchain/gcc-arm-none-eabi-4_9-2015q2/bin/../lib/gcc/arm-none-eabi/4.9.3/../../../../arm-none-eabi/lib/armv6-m/libc_nano.a(lib_a-exit.o) (_exit)
/home/marco/ARMToolchain/gcc-arm-none-eabi-4_9-2015q2/bin/../lib/gcc/arm-none-eabi/4.9.3/armv6-m/libgcc.a(_thumb1_case_uqi.o)
                              _build/dfu_transport_ble.o (__gnu_thumb1_case_uqi)
/home/marco/ARMToolchain/gcc-arm-none-eabi-4_9-2015q2/bin/../lib/gcc/arm-none-eabi/4.9.3/armv6-m/libgcc.a(_thumb1_case_uhi.o)
                              _build/dfu_transport_ble.o (__gnu_thumb1_case_uhi)
/home/marco/ARMToolchain/gcc-arm-none-eabi-4_9-2015q2/bin/../lib/gcc/arm-none-eabi/4.9.3/armv6-m/libgcc.a(_udivsi3.o)
                              _build/pstorage_raw.o (__aeabi_uidiv)
/home/marco/ARMToolchain/gcc-arm-none-eabi-4_9-2015q2/bin/../lib/gcc/arm-none-eabi/4.9.3/armv6-m/libgcc.a(_dvmd_tls.o)
                              /home/marco/ARMToolchain/gcc-arm-none-eabi-4_9-2015q2/bin/../lib/gcc/arm-none-eabi/4.9.3/armv6-m/libgcc.a(_udivsi3.o) (__aeabi_idiv0)
/home/marco/ARMToolchain/gcc-arm-none-eabi-4_9-2015q2/bin/../lib/gcc/arm-none-eabi/4.9.3/../../../../arm-none-eabi/lib/armv6-m/libc_nano.a(lib_a-memcmp.o)
                              _build/dfu_transport_ble.o (memcmp)
/home/marco/ARMToolchain/gcc-arm-none-eabi-4_9-2015q2/bin/../lib/gcc/arm-none-eabi/4.9.3/../../../../arm-none-eabi/lib/armv6-m/libc_nano.a(lib_a-memcpy.o)
                              _build/dfu_ble_svc.o (memcpy)
/home/marco/ARMToolchain/gcc-arm-none-eabi-4_9-2015q2/bin/../lib/gcc/arm-none-eabi/4.9.3/../../../../arm-none-eabi/lib/armv6-m/libc_nano.a(lib_a-strlen.o)
                              _build/dfu_transport_ble.o (strlen)

Allocating common symbols
Common symbol       size              file

nrf_nvic_state      0x8               _build/softdevice_handler.o

Discarded input sections

 .text          0x00000000        0x0 /home/marco/ARMToolchain/gcc-arm-none-eabi-4_9-2015q2/bin/../lib/gcc/arm-none-eabi/4.9.3/armv6-m/crti.o
 .data          0x00000000        0x0 /home/marco/ARMToolchain/gcc-arm-none-eabi-4_9-2015q2/bin/../lib/gcc/arm-none-eabi/4.9.3/armv6-m/crti.o
 .bss           0x00000000        0x0 /home/marco/ARMToolchain/gcc-arm-none-eabi-4_9-2015q2/bin/../lib/gcc/arm-none-eabi/4.9.3/armv6-m/crti.o
 .data          0x00000000        0x4 /home/marco/ARMToolchain/gcc-arm-none-eabi-4_9-2015q2/bin/../lib/gcc/arm-none-eabi/4.9.3/armv6-m/crtbegin.o
 .data          0x00000000        0x0 /home/marco/ARMToolchain/gcc-arm-none-eabi-4_9-2015q2/bin/../lib/gcc/arm-none-eabi/4.9.3/../../../../arm-none-eabi/lib/armv6-m/crt0.o
 .bss           0x00000000        0x0 /home/marco/ARMToolchain/gcc-arm-none-eabi-4_9-2015q2/bin/../lib/gcc/arm-none-eabi/4.9.3/../../../../arm-none-eabi/lib/armv6-m/crt0.o
 .ARM.extab     0x00000000        0x0 /home/marco/ARMToolchain/gcc-arm-none-eabi-4_9-2015q2/bin/../lib/gcc/arm-none-eabi/4.9.3/../../../../arm-none-eabi/lib/armv6-m/crt0.o
 .text          0x00000000        0x0 /home/marco/ARMToolchain/gcc-arm-none-eabi-4_9-2015q2/bin/../lib/gcc/arm-none-eabi/4.9.3/../../../../arm-none-eabi/lib/armv6-m/libc_nano.a(lib_a-exit.o)
 .data          0x00000000        0x0 /home/marco/ARMToolchain/gcc-arm-none-eabi-4_9-2015q2/bin/../lib/gcc/arm-none-eabi/4.9.3/../../../../arm-none-eabi/lib/armv6-m/libc_nano.a(lib_a-exit.o)
 .bss           0x00000000        0x0 /home/marco/ARMToolchain/gcc-arm-none-eabi-4_9-2015q2/bin/../lib/gcc/arm-none-eabi/4.9.3/../../../../arm-none-eabi/lib/armv6-m/libc_nano.a(lib_a-exit.o)
 .text          0x00000000        0x0 /home/marco/ARMToolchain/gcc-arm-none-eabi-4_9-2015q2/bin/../lib/gcc/arm-none-eabi/4.9.3/../../../../arm-none-eabi/lib/armv6-m/libc_nano.a(lib_a-impure.o)
 .data          0x00000000        0x0 /home/marco/ARMToolchain/gcc-arm-none-eabi-4_9-2015q2/bin/../lib/gcc/arm-none-eabi/4.9.3/../../../../arm-none-eabi/lib/armv6-m/libc_nano.a(lib_a-impure.o)
 .bss           0x00000000        0x0 /home/marco/ARMToolchain/gcc-arm-none-eabi-4_9-2015q2/bin/../lib/gcc/arm-none-eabi/4.9.3/../../../../arm-none-eabi/lib/armv6-m/libc_nano.a(lib_a-impure.o)
 .data._impure_ptr
                0x00000000        0x4 /home/marco/ARMToolchain/gcc-arm-none-eabi-4_9-2015q2/bin/../lib/gcc/arm-none-eabi/4.9.3/../../../../arm-none-eabi/lib/armv6-m/libc_nano.a(lib_a-impure.o)
 .text          0x00000000        0x0 /home/marco/ARMToolchain/gcc-arm-none-eabi-4_9-2015q2/bin/../lib/gcc/arm-none-eabi/4.9.3/../../../../arm-none-eabi/lib/armv6-m/libc_nano.a(lib_a-init.o)
 .data          0x00000000        0x0 /home/marco/ARMToolchain/gcc-arm-none-eabi-4_9-2015q2/bin/../lib/gcc/arm-none-eabi/4.9.3/../../../../arm-none-eabi/lib/armv6-m/libc_nano.a(lib_a-init.o)
 .bss           0x00000000        0x0 /home/marco/ARMToolchain/gcc-arm-none-eabi-4_9-2015q2/bin/../lib/gcc/arm-none-eabi/4.9.3/../../../../arm-none-eabi/lib/armv6-m/libc_nano.a(lib_a-init.o)
 .text          0x00000000        0x0 /home/marco/ARMToolchain/gcc-arm-none-eabi-4_9-2015q2/bin/../lib/gcc/arm-none-eabi/4.9.3/../../../../arm-none-eabi/lib/armv6-m/libc_nano.a(lib_a-memset.o)
 .data          0x00000000        0x0 /home/marco/ARMToolchain/gcc-arm-none-eabi-4_9-2015q2/bin/../lib/gcc/arm-none-eabi/4.9.3/../../../../arm-none-eabi/lib/armv6-m/libc_nano.a(lib_a-memset.o)
 .bss           0x00000000        0x0 /home/marco/ARMToolchain/gcc-arm-none-eabi-4_9-2015q2/bin/../lib/gcc/arm-none-eabi/4.9.3/../../../../arm-none-eabi/lib/armv6-m/libc_nano.a(lib_a-memset.o)
 .text          0x00000000        0x0 /home/marco/ARMToolchain/gcc-arm-none-eabi-4_9-2015q2/bin/../lib/gcc/arm-none-eabi/4.9.3/../../../../arm-none-eabi/lib/armv6-m/libnosys.a(_exit.o)
 .data          0x00000000        0x0 /home/marco/ARMToolchain/gcc-arm-none-eabi-4_9-2015q2/bin/../lib/gcc/arm-none-eabi/4.9.3/../../../../arm-none-eabi/lib/armv6-m/libnosys.a(_exit.o)
 .bss           0x00000000        0x0 /home/marco/ARMToolchain/gcc-arm-none-eabi-4_9-2015q2/bin/../lib/gcc/arm-none-eabi/4.9.3/../../../../arm-none-eabi/lib/armv6-m/libnosys.a(_exit.o)
 .text          0x00000000        0x0 _build/dfu_ble_svc.o
 .data          0x00000000        0x0 _build/dfu_ble_svc.o
 .bss           0x00000000        0x0 _build/dfu_ble_svc.o
 .text          0x00000000        0x0 _build/main.o
 .data          0x00000000        0x0 _build/main.o
 .bss           0x00000000        0x0 _build/main.o
 .text.assert_nrf_callback
                0x00000000       0x14 _build/main.o
 .text          0x00000000        0x0 _build/app_error.o
 .data          0x00000000        0x0 _build/app_error.o
 .bss           0x00000000        0x0 _build/app_error.o
 .text.app_error_handler
                0x00000000       0x1c _build/app_error.o
 .text.app_error_save_and_stop
                0x00000000       0x58 _build/app_error.o
 .bss.m_error_data.5657
                0x00000000       0x20 _build/app_error.o
 .text          0x00000000        0x0 _build/app_error_weak.o
 .data          0x00000000        0x0 _build/app_error_weak.o
 .bss           0x00000000        0x0 _build/app_error_weak.o
 .text          0x00000000        0x0 _build/app_scheduler.o
 .data          0x00000000        0x0 _build/app_scheduler.o
 .bss           0x00000000        0x0 _build/app_scheduler.o
 .text          0x00000000        0x0 _build/app_timer.o
 .data          0x00000000        0x0 _build/app_timer.o
 .bss           0x00000000        0x0 _build/app_timer.o
 .text.app_timer_stop_all
                0x00000000       0x48 _build/app_timer.o
 .text.app_timer_cnt_get
                0x00000000       0x14 _build/app_timer.o
 .text.app_timer_cnt_diff_compute
                0x00000000        0xc _build/app_timer.o
 .text          0x00000000        0x0 _build/app_timer_appsh.o
 .data          0x00000000        0x0 _build/app_timer_appsh.o
 .bss           0x00000000        0x0 _build/app_timer_appsh.o
 .text          0x00000000        0x0 _build/app_util_platform.o
 .data          0x00000000        0x0 _build/app_util_platform.o
 .bss           0x00000000        0x0 _build/app_util_platform.o
 .text.app_util_disable_irq
                0x00000000       0x10 _build/app_util_platform.o
 .text.app_util_enable_irq
                0x00000000       0x14 _build/app_util_platform.o
 .bss.m_in_critical_region
                0x00000000        0x4 _build/app_util_platform.o
 .text          0x00000000        0x0 _build/bootloader.o
 .data          0x00000000        0x0 _build/bootloader.o
 .bss           0x00000000        0x0 _build/bootloader.o
 .text          0x00000000        0x0 _build/bootloader_settings.o
 .data          0x00000000        0x0 _build/bootloader_settings.o
 .bss           0x00000000        0x0 _build/bootloader_settings.o
 .text          0x00000000        0x0 _build/bootloader_util.o
 .data          0x00000000        0x0 _build/bootloader_util.o
 .bss           0x00000000        0x0 _build/bootloader_util.o
 .text          0x00000000        0x0 _build/crc16.o
 .data          0x00000000        0x0 _build/crc16.o
 .bss           0x00000000        0x0 _build/crc16.o
 .text          0x00000000        0x0 _build/dfu_dual_bank.o
 .data          0x00000000        0x0 _build/dfu_dual_bank.o
 .bss           0x00000000        0x0 _build/dfu_dual_bank.o
 .text.offset_calculate
                0x00000000       0x28 _build/dfu_dual_bank.o
 .text          0x00000000        0x0 _build/dfu_init_template.o
 .data          0x00000000        0x0 _build/dfu_init_template.o
 .bss           0x00000000        0x0 _build/dfu_init_template.o
 .text          0x00000000        0x0 _build/dfu_transport_ble.o
 .data          0x00000000        0x0 _build/dfu_transport_ble.o
 .bss           0x00000000        0x0 _build/dfu_transport_ble.o
 .text          0x00000000        0x0 _build/hci_mem_pool.o
 .data          0x00000000        0x0 _build/hci_mem_pool.o
 .bss           0x00000000        0x0 _build/hci_mem_pool.o
 .text.hci_mem_pool_close
                0x00000000        0x4 _build/hci_mem_pool.o
 .text.hci_mem_pool_tx_alloc
                0x00000000       0x28 _build/hci_mem_pool.o
 .text.hci_mem_pool_tx_free
                0x00000000        0xc _build/hci_mem_pool.o
 .bss.tx_buffer.4649
                0x00000000        0x4 _build/hci_mem_pool.o
 .text          0x00000000        0x0 _build/nrf_assert.o
 .data          0x00000000        0x0 _build/nrf_assert.o
 .bss           0x00000000        0x0 _build/nrf_assert.o
 .comment       0x00000000       0x71 _build/nrf_assert.o
 .ARM.attributes
                0x00000000       0x31 _build/nrf_assert.o
 .text          0x00000000        0x0 _build/nrf_delay.o
 .data          0x00000000        0x0 _build/nrf_delay.o
 .bss           0x00000000        0x0 _build/nrf_delay.o
 .text          0x00000000        0x0 _build/nrf_drv_common.o
 .data          0x00000000        0x0 _build/nrf_drv_common.o
 .bss           0x00000000        0x0 _build/nrf_drv_common.o
 .text.nrf_drv_common_irq_enable
                0x00000000       0x78 _build/nrf_drv_common.o
 .comment       0x00000000       0x71 _build/nrf_drv_common.o
 .ARM.attributes
                0x00000000       0x31 _build/nrf_drv_common.o
 .text          0x00000000        0x0 _build/pstorage_raw.o
 .data          0x00000000        0x0 _build/pstorage_raw.o
 .bss           0x00000000        0x0 _build/pstorage_raw.o
 .text.pstorage_block_identifier_get
                0x00000000        0x4 _build/pstorage_raw.o
 .text          0x00000000        0x0 _build/ble_advdata.o
 .data          0x00000000        0x0 _build/ble_advdata.o
 .bss           0x00000000        0x0 _build/ble_advdata.o
 .text          0x00000000        0x0 _build/ble_conn_params.o
 .data          0x00000000        0x0 _build/ble_conn_params.o
 .bss           0x00000000        0x0 _build/ble_conn_params.o
 .text.ble_conn_params_change_conn_params
                0x00000000       0x6c _build/ble_conn_params.o
 .text          0x00000000        0x0 _build/ble_dfu.o
 .data          0x00000000        0x0 _build/ble_dfu.o
 .bss           0x00000000        0x0 _build/ble_dfu.o
 .text          0x00000000        0x0 _build/ble_srv_common.o
 .data          0x00000000        0x0 _build/ble_srv_common.o
 .bss           0x00000000        0x0 _build/ble_srv_common.o
 .text.sd_ble_gatts_characteristic_add
                0x00000000        0x4 _build/ble_srv_common.o
 .text.sd_ble_gatts_descriptor_add
                0x00000000        0x4 _build/ble_srv_common.o
 .text.set_security_req
                0x00000000       0x52 _build/ble_srv_common.o
 .text.ble_srv_report_ref_encode
                0x00000000        0xc _build/ble_srv_common.o
 .text.ble_srv_ascii_to_utf8
                0x00000000       0x12 _build/ble_srv_common.o
 .text.characteristic_add
                0x00000000      0x178 _build/ble_srv_common.o
 .text.descriptor_add
                0x00000000       0x9a _build/ble_srv_common.o
 .comment       0x00000000       0x71 _build/ble_srv_common.o
 .ARM.attributes
                0x00000000       0x31 _build/ble_srv_common.o
 .text          0x00000000        0x0 _build/system_nrf51.o
 .data          0x00000000        0x0 _build/system_nrf51.o
 .bss           0x00000000        0x0 _build/system_nrf51.o
 .text.SystemCoreClockUpdate
                0x00000000       0x10 _build/system_nrf51.o
 .data.SystemCoreClock
                0x00000000        0x4 _build/system_nrf51.o
 .text          0x00000000        0x0 _build/softdevice_handler.o
 .data          0x00000000        0x0 _build/softdevice_handler.o
 .bss           0x00000000        0x0 _build/softdevice_handler.o
 .text.sd_softdevice_disable
                0x00000000        0x4 _build/softdevice_handler.o
 .text.softdevice_handler_isEnabled
                0x00000000        0xc _build/softdevice_handler.o
 .text.softdevice_handler_sd_disable
                0x00000000       0x18 _build/softdevice_handler.o
 .text.sd_check_ram_start
                0x00000000       0x14 _build/softdevice_handler.o
 .text          0x00000000        0x0 _build/softdevice_handler_appsh.o
 .data          0x00000000        0x0 _build/softdevice_handler_appsh.o
 .bss           0x00000000        0x0 _build/softdevice_handler_appsh.o
 .data          0x00000000        0x0 _build/gcc_startup_nrf51.o
 .bss           0x00000000        0x0 _build/gcc_startup_nrf51.o
 .data          0x00000000        0x0 /home/marco/ARMToolchain/gcc-arm-none-eabi-4_9-2015q2/bin/../lib/gcc/arm-none-eabi/4.9.3/armv6-m/libgcc.a(_thumb1_case_uqi.o)
 .bss           0x00000000        0x0 /home/marco/ARMToolchain/gcc-arm-none-eabi-4_9-2015q2/bin/../lib/gcc/arm-none-eabi/4.9.3/armv6-m/libgcc.a(_thumb1_case_uqi.o)
 .data          0x00000000        0x0 /home/marco/ARMToolchain/gcc-arm-none-eabi-4_9-2015q2/bin/../lib/gcc/arm-none-eabi/4.9.3/armv6-m/libgcc.a(_thumb1_case_uhi.o)
 .bss           0x00000000        0x0 /home/marco/ARMToolchain/gcc-arm-none-eabi-4_9-2015q2/bin/../lib/gcc/arm-none-eabi/4.9.3/armv6-m/libgcc.a(_thumb1_case_uhi.o)
 .data          0x00000000        0x0 /home/marco/ARMToolchain/gcc-arm-none-eabi-4_9-2015q2/bin/../lib/gcc/arm-none-eabi/4.9.3/armv6-m/libgcc.a(_udivsi3.o)
 .bss           0x00000000        0x0 /home/marco/ARMToolchain/gcc-arm-none-eabi-4_9-2015q2/bin/../lib/gcc/arm-none-eabi/4.9.3/armv6-m/libgcc.a(_udivsi3.o)
 .data          0x00000000        0x0 /home/marco/ARMToolchain/gcc-arm-none-eabi-4_9-2015q2/bin/../lib/gcc/arm-none-eabi/4.9.3/armv6-m/libgcc.a(_dvmd_tls.o)
 .bss           0x00000000        0x0 /home/marco/ARMToolchain/gcc-arm-none-eabi-4_9-2015q2/bin/../lib/gcc/arm-none-eabi/4.9.3/armv6-m/libgcc.a(_dvmd_tls.o)
 .text          0x00000000        0x0 /home/marco/ARMToolchain/gcc-arm-none-eabi-4_9-2015q2/bin/../lib/gcc/arm-none-eabi/4.9.3/../../../../arm-none-eabi/lib/armv6-m/libc_nano.a(lib_a-memcmp.o)
 .data          0x00000000        0x0 /home/marco/ARMToolchain/gcc-arm-none-eabi-4_9-2015q2/bin/../lib/gcc/arm-none-eabi/4.9.3/../../../../arm-none-eabi/lib/armv6-m/libc_nano.a(lib_a-memcmp.o)
 .bss           0x00000000        0x0 /home/marco/ARMToolchain/gcc-arm-none-eabi-4_9-2015q2/bin/../lib/gcc/arm-none-eabi/4.9.3/../../../../arm-none-eabi/lib/armv6-m/libc_nano.a(lib_a-memcmp.o)
 .text          0x00000000        0x0 /home/marco/ARMToolchain/gcc-arm-none-eabi-4_9-2015q2/bin/../lib/gcc/arm-none-eabi/4.9.3/../../../../arm-none-eabi/lib/armv6-m/libc_nano.a(lib_a-memcpy.o)
 .data          0x00000000        0x0 /home/marco/ARMToolchain/gcc-arm-none-eabi-4_9-2015q2/bin/../lib/gcc/arm-none-eabi/4.9.3/../../../../arm-none-eabi/lib/armv6-m/libc_nano.a(lib_a-memcpy.o)
 .bss           0x00000000        0x0 /home/marco/ARMToolchain/gcc-arm-none-eabi-4_9-2015q2/bin/../lib/gcc/arm-none-eabi/4.9.3/../../../../arm-none-eabi/lib/armv6-m/libc_nano.a(lib_a-memcpy.o)
 .text          0x00000000        0x0 /home/marco/ARMToolchain/gcc-arm-none-eabi-4_9-2015q2/bin/../lib/gcc/arm-none-eabi/4.9.3/../../../../arm-none-eabi/lib/armv6-m/libc_nano.a(lib_a-strlen.o)
 .data          0x00000000        0x0 /home/marco/ARMToolchain/gcc-arm-none-eabi-4_9-2015q2/bin/../lib/gcc/arm-none-eabi/4.9.3/../../../../arm-none-eabi/lib/armv6-m/libc_nano.a(lib_a-strlen.o)
 .bss           0x00000000        0x0 /home/marco/ARMToolchain/gcc-arm-none-eabi-4_9-2015q2/bin/../lib/gcc/arm-none-eabi/4.9.3/../../../../arm-none-eabi/lib/armv6-m/libc_nano.a(lib_a-strlen.o)
 .text          0x00000000        0x0 /home/marco/ARMToolchain/gcc-arm-none-eabi-4_9-2015q2/bin/../lib/gcc/arm-none-eabi/4.9.3/armv6-m/crtend.o
 .data          0x00000000        0x0 /home/marco/ARMToolchain/gcc-arm-none-eabi-4_9-2015q2/bin/../lib/gcc/arm-none-eabi/4.9.3/armv6-m/crtend.o
 .bss           0x00000000        0x0 /home/marco/ARMToolchain/gcc-arm-none-eabi-4_9-2015q2/bin/../lib/gcc/arm-none-eabi/4.9.3/armv6-m/crtend.o
 .text          0x00000000        0x0 /home/marco/ARMToolchain/gcc-arm-none-eabi-4_9-2015q2/bin/../lib/gcc/arm-none-eabi/4.9.3/armv6-m/crtn.o
 .data          0x00000000        0x0 /home/marco/ARMToolchain/gcc-arm-none-eabi-4_9-2015q2/bin/../lib/gcc/arm-none-eabi/4.9.3/armv6-m/crtn.o
 .bss           0x00000000        0x0 /home/marco/ARMToolchain/gcc-arm-none-eabi-4_9-2015q2/bin/../lib/gcc/arm-none-eabi/4.9.3/armv6-m/crtn.o

Memory Configuration

Name             Origin             Length             Attributes
FLASH            0x0003c000         0x00003c00         xr
RAM              0x20002c00         0x00005380         xrw
NOINIT           0x20007f80         0x00000080         xrw
BOOTLOADER_SETTINGS 0x0003fc00         0x00000400         rw
UICR_BOOTLOADER  0x10001014         0x00000004         r
*default*        0x00000000         0xffffffff

Linker script and memory map

LOAD /home/marco/ARMToolchain/gcc-arm-none-eabi-4_9-2015q2/bin/../lib/gcc/arm-none-eabi/4.9.3/armv6-m/crti.o
LOAD /home/marco/ARMToolchain/gcc-arm-none-eabi-4_9-2015q2/bin/../lib/gcc/arm-none-eabi/4.9.3/armv6-m/crtbegin.o
LOAD /home/marco/ARMToolchain/gcc-arm-none-eabi-4_9-2015q2/bin/../lib/gcc/arm-none-eabi/4.9.3/../../../../arm-none-eabi/lib/armv6-m/crt0.o
LOAD /home/marco/ARMToolchain/gcc-arm-none-eabi-4_9-2015q2/bin/../lib/gcc/arm-none-eabi/4.9.3/../../../../arm-none-eabi/lib/armv6-m/libc_nano.a
LOAD /home/marco/ARMToolchain/gcc-arm-none-eabi-4_9-2015q2/bin/../lib/gcc/arm-none-eabi/4.9.3/../../../../arm-none-eabi/lib/armv6-m/libnosys.a
LOAD _build/dfu_ble_svc.o
LOAD _build/main.o
LOAD _build/app_error.o
LOAD _build/app_error_weak.o
LOAD _build/app_scheduler.o
LOAD _build/app_timer.o
LOAD _build/app_timer_appsh.o
LOAD _build/app_util_platform.o
LOAD _build/bootloader.o
LOAD _build/bootloader_settings.o
LOAD _build/bootloader_util.o
LOAD _build/crc16.o
LOAD _build/dfu_dual_bank.o
LOAD _build/dfu_init_template.o
LOAD _build/dfu_transport_ble.o
LOAD _build/hci_mem_pool.o
LOAD _build/nrf_assert.o
LOAD _build/nrf_delay.o
LOAD _build/nrf_drv_common.o
LOAD _build/pstorage_raw.o
LOAD _build/ble_advdata.o
LOAD _build/ble_conn_params.o
LOAD _build/ble_dfu.o
LOAD _build/ble_srv_common.o
LOAD _build/system_nrf51.o
LOAD _build/softdevice_handler.o
LOAD _build/softdevice_handler_appsh.o
LOAD _build/gcc_startup_nrf51.o
START GROUP
LOAD /home/marco/ARMToolchain/gcc-arm-none-eabi-4_9-2015q2/bin/../lib/gcc/arm-none-eabi/4.9.3/armv6-m/libgcc.a
LOAD /home/marco/ARMToolchain/gcc-arm-none-eabi-4_9-2015q2/bin/../lib/gcc/arm-none-eabi/4.9.3/../../../../arm-none-eabi/lib/armv6-m/libc_nano.a
END GROUP
START GROUP
LOAD /home/marco/ARMToolchain/gcc-arm-none-eabi-4_9-2015q2/bin/../lib/gcc/arm-none-eabi/4.9.3/armv6-m/libgcc.a
LOAD /home/marco/ARMToolchain/gcc-arm-none-eabi-4_9-2015q2/bin/../lib/gcc/arm-none-eabi/4.9.3/../../../../arm-none-eabi/lib/armv6-m/libc_nano.a
END GROUP
LOAD /home/marco/ARMToolchain/gcc-arm-none-eabi-4_9-2015q2/bin/../lib/gcc/arm-none-eabi/4.9.3/armv6-m/crtend.o
LOAD /home/marco/ARMToolchain/gcc-arm-none-eabi-4_9-2015q2/bin/../lib/gcc/arm-none-eabi/4.9.3/armv6-m/crtn.o
START GROUP
LOAD /home/marco/ARMToolchain/gcc-arm-none-eabi-4_9-2015q2/bin/../lib/gcc/arm-none-eabi/4.9.3/armv6-m/libgcc.a
LOAD /home/marco/ARMToolchain/gcc-arm-none-eabi-4_9-2015q2/bin/../lib/gcc/arm-none-eabi/4.9.3/../../../../arm-none-eabi/lib/armv6-m/libc.a
LOAD /home/marco/ARMToolchain/gcc-arm-none-eabi-4_9-2015q2/bin/../lib/gcc/arm-none-eabi/4.9.3/../../../../arm-none-eabi/lib/armv6-m/libnosys.a
END GROUP

.bootloaderSettings
                0x0003fc00      0x400
 .bootloaderSettings
                0x0003fc00      0x400 _build/bootloader_settings.o
                0x0003fc00                m_boot_settings

.uicrBootStartAddress
                0x10001014        0x4
 *(.uicrBootStartAddress)
 .uicrBootStartAddress
                0x10001014        0x4 _build/bootloader_settings.o
                0x10001014                m_uicr_bootloader_start_address

.noinit         0x20007f80       0x3e
 .noinit        0x20007f80       0x3e _build/dfu_ble_svc.o

.text           0x0003c000     0x3804
 *(.isr_vector)
 .isr_vector    0x0003c000       0xc0 _build/gcc_startup_nrf51.o
                0x0003c000                __isr_vector
 *(.text*)
 .text          0x0003c0c0       0x60 /home/marco/ARMToolchain/gcc-arm-none-eabi-4_9-2015q2/bin/../lib/gcc/arm-none-eabi/4.9.3/armv6-m/crtbegin.o
 .text          0x0003c120       0x78 /home/marco/ARMToolchain/gcc-arm-none-eabi-4_9-2015q2/bin/../lib/gcc/arm-none-eabi/4.9.3/../../../../arm-none-eabi/lib/armv6-m/crt0.o
                0x0003c120                _mainCRTStartup
                0x0003c120                _start
 .text.exit     0x0003c198       0x2c /home/marco/ARMToolchain/gcc-arm-none-eabi-4_9-2015q2/bin/../lib/gcc/arm-none-eabi/4.9.3/../../../../arm-none-eabi/lib/armv6-m/libc_nano.a(lib_a-exit.o)
                0x0003c198                exit
 .text.__libc_init_array
                0x0003c1c4       0x4c /home/marco/ARMToolchain/gcc-arm-none-eabi-4_9-2015q2/bin/../lib/gcc/arm-none-eabi/4.9.3/../../../../arm-none-eabi/lib/armv6-m/libc_nano.a(lib_a-init.o)
                0x0003c1c4                __libc_init_array
 .text.memset   0x0003c210       0x10 /home/marco/ARMToolchain/gcc-arm-none-eabi-4_9-2015q2/bin/../lib/gcc/arm-none-eabi/4.9.3/../../../../arm-none-eabi/lib/armv6-m/libc_nano.a(lib_a-memset.o)
                0x0003c210                memset
 .text._exit    0x0003c220        0x4 /home/marco/ARMToolchain/gcc-arm-none-eabi-4_9-2015q2/bin/../lib/gcc/arm-none-eabi/4.9.3/../../../../arm-none-eabi/lib/armv6-m/libnosys.a(_exit.o)
                0x0003c220                _exit
 .text.C_SVC_Handler
                0x0003c224       0x54 _build/dfu_ble_svc.o
                0x0003c224                C_SVC_Handler
 .text.SVC_Handler
                0x0003c278       0x20 _build/dfu_ble_svc.o
                0x0003c278                SVC_Handler
 .text.dfu_ble_peer_data_get
                0x0003c298       0x38 _build/dfu_ble_svc.o
                0x0003c298                dfu_ble_peer_data_get
 .text.sd_softdevice_vector_table_base_set
                0x0003c2d0        0x4 _build/main.o
 .text.sd_mbr_command
                0x0003c2d4        0x4 _build/main.o
 .text.ble_stack_init
                0x0003c2d8       0x9c _build/main.o
 .text.sys_evt_dispatch
                0x0003c374        0x8 _build/main.o
 .text.scheduler_init
                0x0003c37c       0x1c _build/main.o
 .text.startup.main
                0x0003c398       0xf0 _build/main.o
                0x0003c398                main
 .text.app_error_handler_bare
                0x0003c488       0x1c _build/app_error.o
                0x0003c488                app_error_handler_bare
 .text.app_error_fault_handler
                0x0003c4a4       0x1c _build/app_error_weak.o
                0x0003c4a4                app_error_fault_handler
 .text.app_sched_init
                0x0003c4c0       0x48 _build/app_scheduler.o
                0x0003c4c0                app_sched_init
 .text.app_sched_event_put
                0x0003c508       0xc0 _build/app_scheduler.o
                0x0003c508                app_sched_event_put
 .text.app_sched_execute
                0x0003c5c8       0x5c _build/app_scheduler.o
                0x0003c5c8                app_sched_execute
 .text.user_op_alloc
                0x0003c624       0x2c _build/app_timer.o
 .text.user_id_get
                0x0003c650       0x64 _build/app_timer.o
 .text.rtc1_stop
                0x0003c6b4       0x78 _build/app_timer.o
 .text.RTC1_IRQHandler
                0x0003c72c       0xb8 _build/app_timer.o
                0x0003c72c                RTC1_IRQHandler
 .text.SWI0_IRQHandler
                0x0003c7e4      0x378 _build/app_timer.o
                0x0003c7e4                SWI0_IRQHandler
 .text.app_timer_init
                0x0003cb5c       0xc4 _build/app_timer.o
                0x0003cb5c                app_timer_init
 .text.app_timer_create
                0x0003cc20       0x30 _build/app_timer.o
                0x0003cc20                app_timer_create
 .text.app_timer_start
                0x0003cc50       0x88 _build/app_timer.o
                0x0003cc50                app_timer_start
 .text.app_timer_stop
                0x0003ccd8       0x58 _build/app_timer.o
                0x0003ccd8                app_timer_stop
 .text.app_timer_evt_get
                0x0003cd30       0x16 _build/app_timer_appsh.o
 *fill*         0x0003cd46        0x2 
 .text.app_timer_evt_schedule
                0x0003cd48       0x18 _build/app_timer_appsh.o
                0x0003cd48                app_timer_evt_schedule
 .text.app_util_critical_region_enter
                0x0003cd60       0x3c _build/app_util_platform.o
                0x0003cd60                app_util_critical_region_enter
 .text.app_util_critical_region_exit
                0x0003cd9c       0x2c _build/app_util_platform.o
                0x0003cd9c                app_util_critical_region_exit
 .text.sd_app_evt_wait
                0x0003cdc8        0x4 _build/bootloader.o
 .text.sd_softdevice_disable
                0x0003cdcc        0x4 _build/bootloader.o
 .text.sd_softdevice_vector_table_base_set
                0x0003cdd0        0x4 _build/bootloader.o
 .text.pstorage_callback_handler
                0x0003cdd4       0x24 _build/bootloader.o
 .text.wait_for_events
                0x0003cdf8       0x24 _build/bootloader.o
 .text.bootloader_settings_save.constprop.0
                0x0003ce1c       0x34 _build/bootloader.o
 .text.bootloader_app_is_valid
                0x0003ce50       0x40 _build/bootloader.o
                0x0003ce50                bootloader_app_is_valid
 .text.bootloader_dfu_update_process
                0x0003ce90      0x10c _build/bootloader.o
                0x0003ce90                bootloader_dfu_update_process
 .text.bootloader_init
                0x0003cf9c       0x34 _build/bootloader.o
                0x0003cf9c                bootloader_init
 .text.bootloader_dfu_start
                0x0003cfd0       0x18 _build/bootloader.o
                0x0003cfd0                bootloader_dfu_start
 .text.bootloader_app_start
                0x0003cfe8       0x4c _build/bootloader.o
                0x0003cfe8                bootloader_app_start
 .text.bootloader_dfu_sd_in_progress
                0x0003d034       0x1e _build/bootloader.o
                0x0003d034                bootloader_dfu_sd_in_progress
 .text.bootloader_dfu_sd_update_continue
                0x0003d052       0x4a _build/bootloader.o
                0x0003d052                bootloader_dfu_sd_update_continue
 .text.bootloader_dfu_sd_update_finalize
                0x0003d09c       0x2c _build/bootloader.o
                0x0003d09c                bootloader_dfu_sd_update_finalize
 .text.bootloader_settings_get
                0x0003d0c8       0x2e _build/bootloader.o
                0x0003d0c8                bootloader_settings_get
 *fill*         0x0003d0f6        0x2 
 .text.bootloader_util_settings_get
                0x0003d0f8        0xc _build/bootloader_settings.o
                0x0003d0f8                bootloader_util_settings_get
 .text.bootloader_util_app_start
                0x0003d104       0x3c _build/bootloader_util.o
                0x0003d104                bootloader_util_app_start
 .text.crc16_compute
                0x0003d140       0x3c _build/crc16.o
                0x0003d140                crc16_compute
 .text.sd_mbr_command
                0x0003d17c        0x4 _build/dfu_dual_bank.o
 .text.dfu_cleared_func_swap
                0x0003d180        0x2 _build/dfu_dual_bank.o
 *fill*         0x0003d182        0x2 
 .text.pstorage_callback_handler
                0x0003d184       0x60 _build/dfu_dual_bank.o
 .text.dfu_timeout_handler
                0x0003d1e4       0x28 _build/dfu_dual_bank.o
 .text.dfu_activate_bl
                0x0003d20c       0x30 _build/dfu_dual_bank.o
 .text.dfu_activate_sd
                0x0003d23c       0x38 _build/dfu_dual_bank.o
 .text.dfu_cleared_func_app
                0x0003d274       0x26 _build/dfu_dual_bank.o
 *fill*         0x0003d29a        0x2 
 .text.dfu_prepare_func_swap_erase
                0x0003d29c       0x40 _build/dfu_dual_bank.o
 .text.dfu_prepare_func_app_erase
                0x0003d2dc       0x30 _build/dfu_dual_bank.o
 .text.dfu_activate_app
                0x0003d30c       0x68 _build/dfu_dual_bank.o
 .text.dfu_timer_restart
                0x0003d374       0x44 _build/dfu_dual_bank.o
 .text.dfu_sd_img_block_swap
                0x0003d3b8       0x62 _build/dfu_dual_bank.o
 *fill*         0x0003d41a        0x2 
 .text.dfu_init
                0x0003d41c       0xb4 _build/dfu_dual_bank.o
                0x0003d41c                dfu_init
 .text.dfu_register_callback
                0x0003d4d0        0xc _build/dfu_dual_bank.o
                0x0003d4d0                dfu_register_callback
 .text.dfu_start_pkt_handle
                0x0003d4dc       0xdc _build/dfu_dual_bank.o
                0x0003d4dc                dfu_start_pkt_handle
 .text.dfu_data_pkt_handle
                0x0003d5b8       0x7c _build/dfu_dual_bank.o
                0x0003d5b8                dfu_data_pkt_handle
 .text.dfu_init_pkt_complete
                0x0003d634       0x44 _build/dfu_dual_bank.o
                0x0003d634                dfu_init_pkt_complete
 .text.dfu_init_pkt_handle
                0x0003d678       0x68 _build/dfu_dual_bank.o
                0x0003d678                dfu_init_pkt_handle
 .text.dfu_image_validate
                0x0003d6e0       0x4c _build/dfu_dual_bank.o
                0x0003d6e0                dfu_image_validate
 .text.dfu_image_activate
                0x0003d72c       0x30 _build/dfu_dual_bank.o
                0x0003d72c                dfu_image_activate
 .text.dfu_reset
                0x0003d75c       0x1e _build/dfu_dual_bank.o
                0x0003d75c                dfu_reset
 *fill*         0x0003d77a        0x2 
 .text.dfu_sd_image_swap
                0x0003d77c       0x98 _build/dfu_dual_bank.o
                0x0003d77c                dfu_sd_image_swap
 .text.dfu_bl_image_swap
                0x0003d814       0x44 _build/dfu_dual_bank.o
                0x0003d814                dfu_bl_image_swap
 .text.dfu_bl_image_validate
                0x0003d858       0x4c _build/dfu_dual_bank.o
                0x0003d858                dfu_bl_image_validate
 .text.dfu_sd_image_validate
                0x0003d8a4       0x64 _build/dfu_dual_bank.o
                0x0003d8a4                dfu_sd_image_validate
 .text.dfu_init_prevalidate
                0x0003d908       0x94 _build/dfu_init_template.o
                0x0003d908                dfu_init_prevalidate
 .text.dfu_init_postvalidate
                0x0003d99c       0x28 _build/dfu_init_template.o
                0x0003d99c                dfu_init_postvalidate
 .text.uint32_decode
                0x0003d9c4       0x18 _build/dfu_transport_ble.o
 .text.sd_ble_gap_address_set
                0x0003d9dc        0x4 _build/dfu_transport_ble.o
 .text.sd_ble_gap_address_get
                0x0003d9e0        0x4 _build/dfu_transport_ble.o
 .text.sd_ble_gap_adv_start
                0x0003d9e4        0x4 _build/dfu_transport_ble.o
 .text.sd_ble_gap_adv_stop
                0x0003d9e8        0x4 _build/dfu_transport_ble.o
 .text.sd_ble_gap_disconnect
                0x0003d9ec        0x4 _build/dfu_transport_ble.o
 .text.sd_ble_gap_ppcp_set
                0x0003d9f0        0x4 _build/dfu_transport_ble.o
 .text.sd_ble_gap_device_name_set
                0x0003d9f4        0x4 _build/dfu_transport_ble.o
 .text.sd_ble_gap_sec_params_reply
                0x0003d9f8        0x4 _build/dfu_transport_ble.o
 .text.sd_ble_gap_sec_info_reply
                0x0003d9fc        0x4 _build/dfu_transport_ble.o
 .text.sd_ble_gatts_service_changed
                0x0003da00        0x4 _build/dfu_transport_ble.o
 .text.sd_ble_gatts_rw_authorize_reply
                0x0003da04        0x4 _build/dfu_transport_ble.o
 .text.sd_ble_gatts_sys_attr_set
                0x0003da08        0x4 _build/dfu_transport_ble.o
 .text.sd_ble_gatts_sys_attr_get
                0x0003da0c        0x4 _build/dfu_transport_ble.o
 .text.sd_ble_user_mem_reply
                0x0003da10        0x4 _build/dfu_transport_ble.o
 .text.nrf_err_code_translate
                0x0003da14       0x38 _build/dfu_transport_ble.o
 .text.service_error_handler
                0x0003da4c        0x8 _build/dfu_transport_ble.o
 .text.conn_params_error_handler
                0x0003da54        0x8 _build/dfu_transport_ble.o
 .text.dfu_error_notify
                0x0003da5c       0x20 _build/dfu_transport_ble.o
 .text.advertising_init
                0x0003da7c       0x48 _build/dfu_transport_ble.o
 .text.dfu_cb_handler
                0x0003dac4       0x6c _build/dfu_transport_ble.o
 .text.advertising_start
                0x0003db30       0xbc _build/dfu_transport_ble.o
 .text.ble_evt_dispatch
                0x0003dbec      0x1fc _build/dfu_transport_ble.o
 .text.dfu_transport_update_start
                0x0003dde8      0x150 _build/dfu_transport_ble.o
                0x0003dde8                dfu_transport_update_start
 .text.dfu_transport_close
                0x0003df38       0x5c _build/dfu_transport_ble.o
                0x0003df38                dfu_transport_close
 .text.on_dfu_evt
                0x0003df94      0x26c _build/dfu_transport_ble.o
 .text.hci_mem_pool_open
                0x0003e200       0x28 _build/hci_mem_pool.o
                0x0003e200                hci_mem_pool_open
 .text.hci_mem_pool_rx_produce
                0x0003e228       0x50 _build/hci_mem_pool.o
                0x0003e228                hci_mem_pool_rx_produce
 .text.hci_mem_pool_rx_consume
                0x0003e278       0x78 _build/hci_mem_pool.o
                0x0003e278                hci_mem_pool_rx_consume
 .text.hci_mem_pool_rx_data_size_set
                0x0003e2f0       0x1c _build/hci_mem_pool.o
                0x0003e2f0                hci_mem_pool_rx_data_size_set
 .text.hci_mem_pool_rx_extract
                0x0003e30c       0x44 _build/hci_mem_pool.o
                0x0003e30c                hci_mem_pool_rx_extract
 .text.nrf_delay_ms
                0x0003e350       0x38 _build/nrf_delay.o
                0x0003e350                nrf_delay_ms
 .text.sd_flash_write
                0x0003e388        0x4 _build/pstorage_raw.o
 .text.sd_flash_page_erase
                0x0003e38c        0x4 _build/pstorage_raw.o
 .text.app_notify
                0x0003e390       0x24 _build/pstorage_raw.o
 .text.cmd_process
                0x0003e3b4       0x74 _build/pstorage_raw.o
 .text.cmd_queue_enqueue
                0x0003e428       0x58 _build/pstorage_raw.o
 .text.pstorage_sys_event_handler
                0x0003e480       0xa4 _build/pstorage_raw.o
                0x0003e480                pstorage_sys_event_handler
 .text.pstorage_init
                0x0003e524       0x44 _build/pstorage_raw.o
                0x0003e524                pstorage_init
 .text.pstorage_register
                0x0003e568       0x28 _build/pstorage_raw.o
                0x0003e568                pstorage_register
 .text.pstorage_store
                0x0003e590       0x20 _build/pstorage_raw.o
                0x0003e590                pstorage_store
 .text.pstorage_clear
                0x0003e5b0       0x14 _build/pstorage_raw.o
                0x0003e5b0                pstorage_clear
 .text.sd_ble_gap_address_get
                0x0003e5c4        0x4 _build/ble_advdata.o
 .text.sd_ble_gap_adv_data_set
                0x0003e5c8        0x4 _build/ble_advdata.o
 .text.sd_ble_gap_appearance_get
                0x0003e5cc        0x4 _build/ble_advdata.o
 .text.sd_ble_gap_device_name_get
                0x0003e5d0        0x4 _build/ble_advdata.o
 .text.sd_ble_uuid_encode
                0x0003e5d4        0x4 _build/ble_advdata.o
 .text.uuid_list_sized_encode
                0x0003e5d8       0xc0 _build/ble_advdata.o
 .text.uuid_list_encode
                0x0003e698       0x34 _build/ble_advdata.o
 .text.adv_data_encode
                0x0003e6cc      0x484 _build/ble_advdata.o
                0x0003e6cc                adv_data_encode
 .text.ble_advdata_set
                0x0003eb50       0x64 _build/ble_advdata.o
                0x0003eb50                ble_advdata_set
 .text.sd_ble_gap_conn_param_update
                0x0003ebb4        0x4 _build/ble_conn_params.o
 .text.sd_ble_gap_disconnect
                0x0003ebb8        0x4 _build/ble_conn_params.o
 .text.sd_ble_gap_ppcp_set
                0x0003ebbc        0x4 _build/ble_conn_params.o
 .text.sd_ble_gap_ppcp_get
                0x0003ebc0        0x4 _build/ble_conn_params.o
 .text.update_timeout_handler
                0x0003ebc4       0x74 _build/ble_conn_params.o
 .text.conn_params_negotiation
                0x0003ec38       0x78 _build/ble_conn_params.o
 .text.ble_conn_params_init
                0x0003ecb0       0x70 _build/ble_conn_params.o
                0x0003ecb0                ble_conn_params_init
 .text.ble_conn_params_stop
                0x0003ed20       0x10 _build/ble_conn_params.o
                0x0003ed20                ble_conn_params_stop
 .text.ble_conn_params_on_ble_evt
                0x0003ed30       0xac _build/ble_conn_params.o
                0x0003ed30                ble_conn_params_on_ble_evt
 .text.sd_ble_gatts_service_add
                0x0003eddc        0x4 _build/ble_dfu.o
 .text.sd_ble_gatts_characteristic_add
                0x0003ede0        0x4 _build/ble_dfu.o
 .text.sd_ble_gatts_value_get
                0x0003ede4        0x4 _build/ble_dfu.o
 .text.sd_ble_gatts_hvx
                0x0003ede8        0x4 _build/ble_dfu.o
 .text.sd_ble_gatts_rw_authorize_reply
                0x0003edec        0x4 _build/ble_dfu.o
 .text.sd_ble_uuid_vs_add
                0x0003edf0        0x4 _build/ble_dfu.o
 .text.ble_dfu_init
                0x0003edf4      0x248 _build/ble_dfu.o
                0x0003edf4                ble_dfu_init
 .text.ble_dfu_bytes_rcvd_report
                0x0003f03c       0x74 _build/ble_dfu.o
                0x0003f03c                ble_dfu_bytes_rcvd_report
 .text.ble_dfu_pkts_rcpt_notify
                0x0003f0b0       0x70 _build/ble_dfu.o
                0x0003f0b0                ble_dfu_pkts_rcpt_notify
 .text.ble_dfu_response_send
                0x0003f120       0x64 _build/ble_dfu.o
                0x0003f120                ble_dfu_response_send
 .text.ble_dfu_on_ble_evt
                0x0003f184      0x18c _build/ble_dfu.o
                0x0003f184                ble_dfu_on_ble_evt
 .text.SystemInit
                0x0003f310       0xe0 _build/system_nrf51.o
                0x0003f310                SystemInit
 .text.sd_evt_get
                0x0003f3f0        0x4 _build/softdevice_handler.o
 .text.sd_softdevice_enable
                0x0003f3f4        0x4 _build/softdevice_handler.o
 .text.sd_ble_enable
                0x0003f3f8        0x4 _build/softdevice_handler.o
 .text.sd_ble_evt_get
                0x0003f3fc        0x4 _build/softdevice_handler.o
 .text.softdevice_fault_handler
                0x0003f400        0x8 _build/softdevice_handler.o
                0x0003f400                softdevice_fault_handler
 .text.intern_softdevice_events_execute
                0x0003f408       0xac _build/softdevice_handler.o
                0x0003f408                intern_softdevice_events_execute
 .text.softdevice_handler_init
                0x0003f4b4       0x78 _build/softdevice_handler.o
                0x0003f4b4                softdevice_handler_init
 .text.softdevice_ble_evt_handler_set
                0x0003f52c       0x14 _build/softdevice_handler.o
                0x0003f52c                softdevice_ble_evt_handler_set
 .text.softdevice_sys_evt_handler_set
                0x0003f540       0x14 _build/softdevice_handler.o
                0x0003f540                softdevice_sys_evt_handler_set
 .text.SWI2_IRQHandler
                0x0003f554       0x20 _build/softdevice_handler.o
                0x0003f554                SWI2_IRQHandler
 .text.softdevice_enable_get_default_config
                0x0003f574       0x2e _build/softdevice_handler.o
                0x0003f574                softdevice_enable_get_default_config
 *fill*         0x0003f5a2        0x2 
 .text.softdevice_enable
                0x0003f5a4       0x18 _build/softdevice_handler.o
                0x0003f5a4                softdevice_enable
 .text.softdevice_evt_get
                0x0003f5bc       0x12 _build/softdevice_handler_appsh.o
                0x0003f5bc                softdevice_evt_get
 *fill*         0x0003f5ce        0x2 
 .text.softdevice_evt_schedule
                0x0003f5d0       0x14 _build/softdevice_handler_appsh.o
                0x0003f5d0                softdevice_evt_schedule
 .text          0x0003f5e4       0x4c _build/gcc_startup_nrf51.o
                0x0003f5e4                Reset_Handler
                0x0003f624                NMI_Handler
                0x0003f626                HardFault_Handler
                0x0003f62a                PendSV_Handler
                0x0003f62c                SysTick_Handler
                0x0003f62e                TIMER2_IRQHandler
                0x0003f62e                SPI0_TWI0_IRQHandler
                0x0003f62e                RTC0_IRQHandler
                0x0003f62e                GPIOTE_IRQHandler
                0x0003f62e                POWER_CLOCK_IRQHandler
                0x0003f62e                RADIO_IRQHandler
                0x0003f62e                LPCOMP_IRQHandler
                0x0003f62e                SWI4_IRQHandler
                0x0003f62e                TEMP_IRQHandler
                0x0003f62e                QDEC_IRQHandler
                0x0003f62e                UART0_IRQHandler
                0x0003f62e                SWI5_IRQHandler
                0x0003f62e                TIMER0_IRQHandler
                0x0003f62e                TIMER1_IRQHandler
                0x0003f62e                ECB_IRQHandler
                0x0003f62e                Default_Handler
                0x0003f62e                ADC_IRQHandler
                0x0003f62e                SWI3_IRQHandler
                0x0003f62e                CCM_AAR_IRQHandler
                0x0003f62e                WDT_IRQHandler
                0x0003f62e                RNG_IRQHandler
                0x0003f62e                SPI1_TWI1_IRQHandler
                0x0003f62e                SWI1_IRQHandler
 .text          0x0003f630       0x14 /home/marco/ARMToolchain/gcc-arm-none-eabi-4_9-2015q2/bin/../lib/gcc/arm-none-eabi/4.9.3/armv6-m/libgcc.a(_thumb1_case_uqi.o)
                0x0003f630                __gnu_thumb1_case_uqi
 .text          0x0003f644       0x14 /home/marco/ARMToolchain/gcc-arm-none-eabi-4_9-2015q2/bin/../lib/gcc/arm-none-eabi/4.9.3/armv6-m/libgcc.a(_thumb1_case_uhi.o)
                0x0003f644                __gnu_thumb1_case_uhi
 .text          0x0003f658      0x120 /home/marco/ARMToolchain/gcc-arm-none-eabi-4_9-2015q2/bin/../lib/gcc/arm-none-eabi/4.9.3/armv6-m/libgcc.a(_udivsi3.o)
                0x0003f658                __udivsi3
                0x0003f658                __aeabi_uidiv
                0x0003f764                __aeabi_uidivmod
 .text          0x0003f778        0x4 /home/marco/ARMToolchain/gcc-arm-none-eabi-4_9-2015q2/bin/../lib/gcc/arm-none-eabi/4.9.3/armv6-m/libgcc.a(_dvmd_tls.o)
                0x0003f778                __aeabi_ldiv0
                0x0003f778                __aeabi_idiv0
 .text.memcmp   0x0003f77c       0x1e /home/marco/ARMToolchain/gcc-arm-none-eabi-4_9-2015q2/bin/../lib/gcc/arm-none-eabi/4.9.3/../../../../arm-none-eabi/lib/armv6-m/libc_nano.a(lib_a-memcmp.o)
                0x0003f77c                memcmp
 .text.memcpy   0x0003f79a       0x12 /home/marco/ARMToolchain/gcc-arm-none-eabi-4_9-2015q2/bin/../lib/gcc/arm-none-eabi/4.9.3/../../../../arm-none-eabi/lib/armv6-m/libc_nano.a(lib_a-memcpy.o)
                0x0003f79a                memcpy
 .text.strlen   0x0003f7ac        0xe /home/marco/ARMToolchain/gcc-arm-none-eabi-4_9-2015q2/bin/../lib/gcc/arm-none-eabi/4.9.3/../../../../arm-none-eabi/lib/armv6-m/libc_nano.a(lib_a-strlen.o)
                0x0003f7ac                strlen
 *(.init)
 *fill*         0x0003f7ba        0x2 
 .init          0x0003f7bc        0x4 /home/marco/ARMToolchain/gcc-arm-none-eabi-4_9-2015q2/bin/../lib/gcc/arm-none-eabi/4.9.3/armv6-m/crti.o
                0x0003f7bc                _init
 .init          0x0003f7c0        0x8 /home/marco/ARMToolchain/gcc-arm-none-eabi-4_9-2015q2/bin/../lib/gcc/arm-none-eabi/4.9.3/armv6-m/crtn.o
 *(.fini)
 .fini          0x0003f7c8        0x4 /home/marco/ARMToolchain/gcc-arm-none-eabi-4_9-2015q2/bin/../lib/gcc/arm-none-eabi/4.9.3/armv6-m/crti.o
                0x0003f7c8                _fini
 .fini          0x0003f7cc        0x8 /home/marco/ARMToolchain/gcc-arm-none-eabi-4_9-2015q2/bin/../lib/gcc/arm-none-eabi/4.9.3/armv6-m/crtn.o
 *crtbegin.o(.ctors)
 *crtbegin?.o(.ctors)
 *(EXCLUDE_FILE(*crtend.o *crtend?.o) .ctors)
 *(SORT(.ctors.*))
 *(.ctors)
 *crtbegin.o(.dtors)
 *crtbegin?.o(.dtors)
 *(EXCLUDE_FILE(*crtend.o *crtend?.o) .dtors)
 *(SORT(.dtors.*))
 *(.dtors)
 *(.rodata*)
 .rodata.str1.1
                0x0003f7d4        0x2 /home/marco/ARMToolchain/gcc-arm-none-eabi-4_9-2015q2/bin/../lib/gcc/arm-none-eabi/4.9.3/../../../../arm-none-eabi/lib/armv6-m/libc_nano.a(lib_a-impure.o)
 *fill*         0x0003f7d6        0x2 
 .rodata._global_impure_ptr
                0x0003f7d8        0x4 /home/marco/ARMToolchain/gcc-arm-none-eabi-4_9-2015q2/bin/../lib/gcc/arm-none-eabi/4.9.3/../../../../arm-none-eabi/lib/armv6-m/libc_nano.a(lib_a-impure.o)
                0x0003f7d8                _global_impure_ptr
 .rodata        0x0003f7dc        0x4 _build/main.o
 .rodata.m_dfu_timer_id
                0x0003f7e0        0x4 _build/dfu_dual_bank.o
 .rodata.str1.1
                0x0003f7e4        0x8 _build/dfu_transport_ble.o
 .rodata.m_conn_params_timer_id
                0x0003f7ec        0x4 _build/ble_conn_params.o
 .rodata        0x0003f7f0       0x10 _build/ble_dfu.o
 *(.eh_frame*)
 .eh_frame      0x0003f800        0x0 /home/marco/ARMToolchain/gcc-arm-none-eabi-4_9-2015q2/bin/../lib/gcc/arm-none-eabi/4.9.3/armv6-m/crtbegin.o
 .eh_frame      0x0003f800        0x4 /home/marco/ARMToolchain/gcc-arm-none-eabi-4_9-2015q2/bin/../lib/gcc/arm-none-eabi/4.9.3/armv6-m/crtend.o

.glue_7         0x0003f804        0x0
 .glue_7        0x00000000        0x0 linker stubs

.glue_7t        0x0003f804        0x0
 .glue_7t       0x00000000        0x0 linker stubs

.vfp11_veneer   0x0003f804        0x0
 .vfp11_veneer  0x00000000        0x0 linker stubs

.v4_bx          0x0003f804        0x0
 .v4_bx         0x00000000        0x0 linker stubs

.iplt           0x0003f804        0x0
 .iplt          0x00000000        0x0 /home/marco/ARMToolchain/gcc-arm-none-eabi-4_9-2015q2/bin/../lib/gcc/arm-none-eabi/4.9.3/armv6-m/crtbegin.o

.ARM.extab
 *(.ARM.extab* .gnu.linkonce.armextab.*)
                0x0003f804                __exidx_start = .

.ARM.exidx      0x0003f804        0x8
 *(.ARM.exidx* .gnu.linkonce.armexidx.*)
 .ARM.exidx     0x0003f804        0x8 /home/marco/ARMToolchain/gcc-arm-none-eabi-4_9-2015q2/bin/../lib/gcc/arm-none-eabi/4.9.3/../../../../arm-none-eabi/lib/armv6-m/crt0.o
                0x0003f80c                __exidx_end = .
                0x0003f80c                __etext = .

.rel.dyn        0x0003f80c        0x0
 .rel.iplt      0x00000000        0x0 /home/marco/ARMToolchain/gcc-arm-none-eabi-4_9-2015q2/bin/../lib/gcc/arm-none-eabi/4.9.3/armv6-m/crtbegin.o

.data           0x20002c00       0x74 load address 0x0003f80c
                0x20002c00                __data_start__ = .
 *(vtable)
 *(.data*)
 .data.impure_data
                0x20002c00       0x60 /home/marco/ARMToolchain/gcc-arm-none-eabi-4_9-2015q2/bin/../lib/gcc/arm-none-eabi/4.9.3/../../../../arm-none-eabi/lib/armv6-m/libc_nano.a(lib_a-impure.o)
 .data.m_conn_handle
                0x20002c60        0x2 _build/dfu_transport_ble.o
 *fill*         0x20002c62        0x2 
 .data.m_direct_adv_cnt
                0x20002c64        0x4 _build/dfu_transport_ble.o
                0x20002c68                . = ALIGN (0x4)
                0x20002c68                PROVIDE (__preinit_array_start, .)
 *(.preinit_array)
                0x20002c68                PROVIDE (__preinit_array_end, .)
                0x20002c68                . = ALIGN (0x4)
                0x20002c68                PROVIDE (__init_array_start, .)
 *(SORT(.init_array.*))
 *(.init_array)
 .init_array    0x20002c68        0x4 /home/marco/ARMToolchain/gcc-arm-none-eabi-4_9-2015q2/bin/../lib/gcc/arm-none-eabi/4.9.3/armv6-m/crtbegin.o
                0x20002c6c                PROVIDE (__init_array_end, .)
                0x20002c6c                . = ALIGN (0x4)
                0x20002c6c                PROVIDE (__fini_array_start, .)
 *(SORT(.fini_array.*))
 *(.fini_array)
 .fini_array    0x20002c6c        0x4 /home/marco/ARMToolchain/gcc-arm-none-eabi-4_9-2015q2/bin/../lib/gcc/arm-none-eabi/4.9.3/armv6-m/crtbegin.o
                0x20002c70                PROVIDE (__fini_array_end, .)
 *(.jcr*)
 .jcr           0x20002c70        0x0 /home/marco/ARMToolchain/gcc-arm-none-eabi-4_9-2015q2/bin/../lib/gcc/arm-none-eabi/4.9.3/armv6-m/crtbegin.o
 .jcr           0x20002c70        0x4 /home/marco/ARMToolchain/gcc-arm-none-eabi-4_9-2015q2/bin/../lib/gcc/arm-none-eabi/4.9.3/armv6-m/crtend.o
                0x20002c74                . = ALIGN (0x4)
                0x20002c74                __data_end__ = .

.igot.plt       0x20002c74        0x0 load address 0x0003f880
 .igot.plt      0x00000000        0x0 /home/marco/ARMToolchain/gcc-arm-none-eabi-4_9-2015q2/bin/../lib/gcc/arm-none-eabi/4.9.3/armv6-m/crtbegin.o

.bss            0x20002c74      0x830 load address 0x0003f880
                0x20002c74                . = ALIGN (0x4)
                0x20002c74                __bss_start__ = .
 *(.bss*)
 .bss           0x20002c74       0x1c /home/marco/ARMToolchain/gcc-arm-none-eabi-4_9-2015q2/bin/../lib/gcc/arm-none-eabi/4.9.3/armv6-m/crtbegin.o
 .bss.APP_SCHED_BUF.8033
                0x20002c90      0x150 _build/main.o
 .bss.BLE_EVT_BUFFER.8023
                0x20002de0       0x48 _build/main.o
 .bss.APP_TIMER_BUF.8044
                0x20002e28      0x1c8 _build/main.o
 .bss.m_queue_event_headers
                0x20002ff0        0x4 _build/app_scheduler.o
 .bss.m_queue_event_data
                0x20002ff4        0x4 _build/app_scheduler.o
 .bss.m_queue_event_size
                0x20002ff8        0x2 _build/app_scheduler.o
 .bss.m_queue_start_index
                0x20002ffa        0x1 _build/app_scheduler.o
 .bss.m_queue_end_index
                0x20002ffb        0x1 _build/app_scheduler.o
 .bss.m_queue_size
                0x20002ffc        0x2 _build/app_scheduler.o
 *fill*         0x20002ffe        0x2 
 .bss.m_ticks_latest
                0x20003000        0x4 _build/app_timer.o
 .bss.mp_timer_id_head
                0x20003004        0x4 _build/app_timer.o
 .bss.m_evt_schedule_func
                0x20003008        0x4 _build/app_timer.o
 .bss.m_user_array_size
                0x2000300c        0x1 _build/app_timer.o
 *fill*         0x2000300d        0x3 
 .bss.mp_users  0x20003010        0x4 _build/app_timer.o
 .bss.m_ticks_elapsed_q_read_ind
                0x20003014        0x1 _build/app_timer.o
 .bss.m_ticks_elapsed_q_write_ind
                0x20003015        0x1 _build/app_timer.o
 .bss.m_rtc1_reset
                0x20003016        0x1 _build/app_timer.o
 *fill*         0x20003017        0x1 
 .bss.m_ticks_elapsed
                0x20003018        0x8 _build/app_timer.o
 .bss.m_rtc1_running
                0x20003020        0x1 _build/app_timer.o
 .bss.m_update_status
                0x20003021        0x1 _build/bootloader.o
 *fill*         0x20003022        0x2 
 .bss.settings.6388
                0x20003024       0x1c _build/bootloader.o
 .bss.m_bootsettings_handle
                0x20003040        0x8 _build/bootloader.o
 .bss.m_data_pkt_cb
                0x20003048        0x4 _build/dfu_dual_bank.o
 .bss.m_init_packet_length
                0x2000304c        0x1 _build/dfu_dual_bank.o
 *fill*         0x2000304d        0x1 
 .bss.m_image_crc
                0x2000304e        0x2 _build/dfu_dual_bank.o
 .bss.m_dfu_state
                0x20003050        0x1 _build/dfu_dual_bank.o
 *fill*         0x20003051        0x3 
 .bss.m_storage_handle_app
                0x20003054        0x8 _build/dfu_dual_bank.o
 .bss.m_dfu_timed_out
                0x2000305c        0x1 _build/dfu_dual_bank.o
 *fill*         0x2000305d        0x3 
 .bss.m_storage_handle_swap
                0x20003060        0x8 _build/dfu_dual_bank.o
 .bss.m_dfu_timer_id_data
                0x20003068       0x20 _build/dfu_dual_bank.o
 .bss.m_start_packet
                0x20003088       0x10 _build/dfu_dual_bank.o
 .bss.m_functions
                0x20003098        0xc _build/dfu_dual_bank.o
 .bss.m_init_packet
                0x200030a4       0x80 _build/dfu_dual_bank.o
 .bss.mp_storage_handle_active
                0x20003124        0x4 _build/dfu_dual_bank.o
 .bss.m_data_received
                0x20003128        0x4 _build/dfu_dual_bank.o
 .bss.m_image_size
                0x2000312c        0x4 _build/dfu_dual_bank.o
 .bss.m_extended_packet
                0x20003130        0xa _build/dfu_init_template.o
 .bss.m_extended_packet_length
                0x2000313a        0x1 _build/dfu_init_template.o
 .bss.m_ble_peer_data_valid
                0x2000313b        0x1 _build/dfu_transport_ble.o
 .bss.m_is_advertising
                0x2000313c        0x1 _build/dfu_transport_ble.o
 *fill*         0x2000313d        0x3 
 .bss.mp_final_packet
                0x20003140        0x4 _build/dfu_transport_ble.o
 .bss.m_pkt_notif_target_cnt
                0x20003144        0x2 _build/dfu_transport_ble.o
 *fill*         0x20003146        0x2 
 .bss.mp_rx_buffer
                0x20003148        0x4 _build/dfu_transport_ble.o
 .bss.m_pkt_type
                0x2000314c        0x1 _build/dfu_transport_ble.o
 *fill*         0x2000314d        0x3 
 .bss.m_dfu     0x20003150       0x30 _build/dfu_transport_ble.o
 .bss.m_sec_params
                0x20003180        0x5 _build/dfu_transport_ble.o
 .bss.m_update_mode
                0x20003185        0x1 _build/dfu_transport_ble.o
 .bss.m_ble_peer_data
                0x20003186       0x3c _build/dfu_transport_ble.o
 .bss.m_pkt_notif_target
                0x200031c2        0x2 _build/dfu_transport_ble.o
 .bss.m_pkt_rcpt_notif_enabled
                0x200031c4        0x1 _build/dfu_transport_ble.o
 *fill*         0x200031c5        0x3 
 .bss.m_num_of_firmware_bytes_rcvd
                0x200031c8        0x4 _build/dfu_transport_ble.o
 .bss.m_adv_params
                0x200031cc       0x18 _build/dfu_transport_ble.o
 .bss.m_tear_down_in_progress
                0x200031e4        0x1 _build/dfu_transport_ble.o
 *fill*         0x200031e5        0x3 
 .bss.m_rx_buffer_elem_queue
                0x200031e8      0x120 _build/hci_mem_pool.o
 .bss.m_rx_buffer_queue
                0x20003308       0x1c _build/hci_mem_pool.o
 .bss.m_is_tx_allocated
                0x20003324        0x1 _build/hci_mem_pool.o
 *fill*         0x20003325        0x3 
 .bss.m_cmd_queue
                0x20003328       0xf4 _build/pstorage_raw.o
 .bss.m_app_table
                0x2000341c        0x8 _build/pstorage_raw.o
 .bss.m_next_app_instance
                0x20003424        0x4 _build/pstorage_raw.o
 .bss.m_round_val
                0x20003428        0x4 _build/pstorage_raw.o
 .bss.m_change_param
                0x2000342c        0x1 _build/ble_conn_params.o
 *fill*         0x2000342d        0x1 
 .bss.m_current_conn_params
                0x2000342e        0x8 _build/ble_conn_params.o
 .bss.m_update_count
                0x20003436        0x1 _build/ble_conn_params.o
 *fill*         0x20003437        0x1 
 .bss.m_conn_params_config
                0x20003438       0x1c _build/ble_conn_params.o
 .bss.m_conn_params_timer_id_data
                0x20003454       0x20 _build/ble_conn_params.o
 .bss.m_conn_handle
                0x20003474        0x2 _build/ble_conn_params.o
 .bss.m_preferred_conn_params
                0x20003476        0x8 _build/ble_conn_params.o
 .bss.m_is_dfu_service_initialized
                0x2000347e        0x1 _build/ble_dfu.o
 .bss.m_notif_buffer
                0x2000347f        0x7 _build/ble_dfu.o
 .bss.m_softdevice_enabled
                0x20003486        0x1 _build/softdevice_handler.o
 *fill*         0x20003487        0x1 
 .bss.m_ble_evt_buffer_size
                0x20003488        0x2 _build/softdevice_handler.o
 *fill*         0x2000348a        0x2 
 .bss.mp_ble_evt_buffer
                0x2000348c        0x4 _build/softdevice_handler.o
 .bss.m_sys_evt_handler
                0x20003490        0x4 _build/softdevice_handler.o
 .bss.m_ble_evt_handler
                0x20003494        0x4 _build/softdevice_handler.o
 .bss.m_evt_schedule_func
                0x20003498        0x4 _build/softdevice_handler.o
 *(COMMON)
 COMMON         0x2000349c        0x8 _build/softdevice_handler.o
                0x2000349c                nrf_nvic_state
                0x200034a4                . = ALIGN (0x4)
                0x200034a4                __bss_end__ = .

.heap           0x200034a8        0x0
                0x200034a8                __end__ = .
                0x200034a8                PROVIDE (end, .)
 *(.heap*)
 .heap          0x200034a8        0x0 _build/gcc_startup_nrf51.o
                0x200034a8                __HeapLimit = .

.stack_dummy    0x200034a8      0x800
 *(.stack*)
 .stack         0x200034a8      0x800 _build/gcc_startup_nrf51.o
                0x20007f80                __StackTop = (ORIGIN (RAM) + 0x5380)
                0x20007780                __StackLimit = (__StackTop - SIZEOF (.stack_dummy))
                0x20007f80                PROVIDE (__stack, __StackTop)
                0x00000001                ASSERT ((__StackLimit >= __HeapLimit), region RAM overflowed with stack)
OUTPUT(_build/nrf51_dfu_s110_pca10028.out elf32-littlearm)

.ARM.attributes
                0x00000000       0x28
 .ARM.attributes
                0x00000000       0x1e /home/marco/ARMToolchain/gcc-arm-none-eabi-4_9-2015q2/bin/../lib/gcc/arm-none-eabi/4.9.3/armv6-m/crti.o
 .ARM.attributes
                0x0000001e       0x2c /home/marco/ARMToolchain/gcc-arm-none-eabi-4_9-2015q2/bin/../lib/gcc/arm-none-eabi/4.9.3/armv6-m/crtbegin.o
 .ARM.attributes
                0x0000004a       0x1b /home/marco/ARMToolchain/gcc-arm-none-eabi-4_9-2015q2/bin/../lib/gcc/arm-none-eabi/4.9.3/../../../../arm-none-eabi/lib/armv6-m/crt0.o
 .ARM.attributes
                0x00000065       0x2c /home/marco/ARMToolchain/gcc-arm-none-eabi-4_9-2015q2/bin/../lib/gcc/arm-none-eabi/4.9.3/../../../../arm-none-eabi/lib/armv6-m/libc_nano.a(lib_a-exit.o)
 .ARM.attributes
                0x00000091       0x2c /home/marco/ARMToolchain/gcc-arm-none-eabi-4_9-2015q2/bin/../lib/gcc/arm-none-eabi/4.9.3/../../../../arm-none-eabi/lib/armv6-m/libc_nano.a(lib_a-impure.o)
 .ARM.attributes
                0x000000bd       0x2c /home/marco/ARMToolchain/gcc-arm-none-eabi-4_9-2015q2/bin/../lib/gcc/arm-none-eabi/4.9.3/../../../../arm-none-eabi/lib/armv6-m/libc_nano.a(lib_a-init.o)
 .ARM.attributes
                0x000000e9       0x2c /home/marco/ARMToolchain/gcc-arm-none-eabi-4_9-2015q2/bin/../lib/gcc/arm-none-eabi/4.9.3/../../../../arm-none-eabi/lib/armv6-m/libc_nano.a(lib_a-memset.o)
 .ARM.attributes
                0x00000115       0x2c /home/marco/ARMToolchain/gcc-arm-none-eabi-4_9-2015q2/bin/../lib/gcc/arm-none-eabi/4.9.3/../../../../arm-none-eabi/lib/armv6-m/libnosys.a(_exit.o)
 .ARM.attributes
                0x00000141       0x31 _build/dfu_ble_svc.o
 .ARM.attributes
                0x00000172       0x31 _build/main.o
 .ARM.attributes
                0x000001a3       0x31 _build/app_error.o
 .ARM.attributes
                0x000001d4       0x31 _build/app_error_weak.o
 .ARM.attributes
                0x00000205       0x31 _build/app_scheduler.o
 .ARM.attributes
                0x00000236       0x31 _build/app_timer.o
 .ARM.attributes
                0x00000267       0x31 _build/app_timer_appsh.o
 .ARM.attributes
                0x00000298       0x31 _build/app_util_platform.o
 .ARM.attributes
                0x000002c9       0x31 _build/bootloader.o
 .ARM.attributes
                0x000002fa       0x31 _build/bootloader_settings.o
 .ARM.attributes
                0x0000032b       0x31 _build/bootloader_util.o
 .ARM.attributes
                0x0000035c       0x31 _build/crc16.o
 .ARM.attributes
                0x0000038d       0x31 _build/dfu_dual_bank.o
 .ARM.attributes
                0x000003be       0x31 _build/dfu_init_template.o
 .ARM.attributes
                0x000003ef       0x31 _build/dfu_transport_ble.o
 .ARM.attributes
                0x00000420       0x31 _build/hci_mem_pool.o
 .ARM.attributes
                0x00000451       0x31 _build/nrf_delay.o
 .ARM.attributes
                0x00000482       0x31 _build/pstorage_raw.o
 .ARM.attributes
                0x000004b3       0x31 _build/ble_advdata.o
 .ARM.attributes
                0x000004e4       0x31 _build/ble_conn_params.o
 .ARM.attributes
                0x00000515       0x31 _build/ble_dfu.o
 .ARM.attributes
                0x00000546       0x31 _build/system_nrf51.o
 .ARM.attributes
                0x00000577       0x31 _build/softdevice_handler.o
 .ARM.attributes
                0x000005a8       0x31 _build/softdevice_handler_appsh.o
 .ARM.attributes
                0x000005d9       0x1b _build/gcc_startup_nrf51.o
 .ARM.attributes
                0x000005f4       0x1e /home/marco/ARMToolchain/gcc-arm-none-eabi-4_9-2015q2/bin/../lib/gcc/arm-none-eabi/4.9.3/armv6-m/libgcc.a(_thumb1_case_uqi.o)
 .ARM.attributes
                0x00000612       0x1e /home/marco/ARMToolchain/gcc-arm-none-eabi-4_9-2015q2/bin/../lib/gcc/arm-none-eabi/4.9.3/armv6-m/libgcc.a(_thumb1_case_uhi.o)
 .ARM.attributes
                0x00000630       0x1e /home/marco/ARMToolchain/gcc-arm-none-eabi-4_9-2015q2/bin/../lib/gcc/arm-none-eabi/4.9.3/armv6-m/libgcc.a(_udivsi3.o)
 .ARM.attributes
                0x0000064e       0x1e /home/marco/ARMToolchain/gcc-arm-none-eabi-4_9-2015q2/bin/../lib/gcc/arm-none-eabi/4.9.3/armv6-m/libgcc.a(_dvmd_tls.o)
 .ARM.attributes
                0x0000066c       0x2c /home/marco/ARMToolchain/gcc-arm-none-eabi-4_9-2015q2/bin/../lib/gcc/arm-none-eabi/4.9.3/../../../../arm-none-eabi/lib/armv6-m/libc_nano.a(lib_a-memcmp.o)
 .ARM.attributes
                0x00000698       0x2c /home/marco/ARMToolchain/gcc-arm-none-eabi-4_9-2015q2/bin/../lib/gcc/arm-none-eabi/4.9.3/../../../../arm-none-eabi/lib/armv6-m/libc_nano.a(lib_a-memcpy.o)
 .ARM.attributes
                0x000006c4       0x2c /home/marco/ARMToolchain/gcc-arm-none-eabi-4_9-2015q2/bin/../lib/gcc/arm-none-eabi/4.9.3/../../../../arm-none-eabi/lib/armv6-m/libc_nano.a(lib_a-strlen.o)
 .ARM.attributes
                0x000006f0       0x2c /home/marco/ARMToolchain/gcc-arm-none-eabi-4_9-2015q2/bin/../lib/gcc/arm-none-eabi/4.9.3/armv6-m/crtend.o
 .ARM.attributes
                0x0000071c       0x1e /home/marco/ARMToolchain/gcc-arm-none-eabi-4_9-2015q2/bin/../lib/gcc/arm-none-eabi/4.9.3/armv6-m/crtn.o

.comment        0x00000000       0x70
 .comment       0x00000000       0x70 _build/dfu_ble_svc.o
                                 0x71 (size before relaxing)
 .comment       0x00000000       0x71 _build/main.o
 .comment       0x00000000       0x71 _build/app_error.o
 .comment       0x00000000       0x71 _build/app_error_weak.o
 .comment       0x00000000       0x71 _build/app_scheduler.o
 .comment       0x00000000       0x71 _build/app_timer.o
 .comment       0x00000000       0x71 _build/app_timer_appsh.o
 .comment       0x00000000       0x71 _build/app_util_platform.o
 .comment       0x00000000       0x71 _build/bootloader.o
 .comment       0x00000000       0x71 _build/bootloader_settings.o
 .comment       0x00000000       0x71 _build/bootloader_util.o
 .comment       0x00000000       0x71 _build/crc16.o
 .comment       0x00000000       0x71 _build/dfu_dual_bank.o
 .comment       0x00000000       0x71 _build/dfu_init_template.o
 .comment       0x00000000       0x71 _build/dfu_transport_ble.o
 .comment       0x00000000       0x71 _build/hci_mem_pool.o
 .comment       0x00000000       0x71 _build/nrf_delay.o
 .comment       0x00000000       0x71 _build/pstorage_raw.o
 .comment       0x00000000       0x71 _build/ble_advdata.o
 .comment       0x00000000       0x71 _build/ble_conn_params.o
 .comment       0x00000000       0x71 _build/ble_dfu.o
 .comment       0x00000000       0x71 _build/system_nrf51.o
 .comment       0x00000000       0x71 _build/softdevice_handler.o
 .comment       0x00000000       0x71 _build/softdevice_handler_appsh.o

.debug_frame    0x00000000      0x128
 .debug_frame   0x00000000       0x28 /home/marco/ARMToolchain/gcc-arm-none-eabi-4_9-2015q2/bin/../lib/gcc/arm-none-eabi/4.9.3/../../../../arm-none-eabi/lib/armv6-m/libc_nano.a(lib_a-exit.o)
 .debug_frame   0x00000028       0x2c /home/marco/ARMToolchain/gcc-arm-none-eabi-4_9-2015q2/bin/../lib/gcc/arm-none-eabi/4.9.3/../../../../arm-none-eabi/lib/armv6-m/libc_nano.a(lib_a-init.o)
 .debug_frame   0x00000054       0x20 /home/marco/ARMToolchain/gcc-arm-none-eabi-4_9-2015q2/bin/../lib/gcc/arm-none-eabi/4.9.3/../../../../arm-none-eabi/lib/armv6-m/libc_nano.a(lib_a-memset.o)
 .debug_frame   0x00000074       0x20 /home/marco/ARMToolchain/gcc-arm-none-eabi-4_9-2015q2/bin/../lib/gcc/arm-none-eabi/4.9.3/../../../../arm-none-eabi/lib/armv6-m/libnosys.a(_exit.o)
 .debug_frame   0x00000094       0x20 /home/marco/ARMToolchain/gcc-arm-none-eabi-4_9-2015q2/bin/../lib/gcc/arm-none-eabi/4.9.3/armv6-m/libgcc.a(_udivsi3.o)
 .debug_frame   0x000000b4       0x2c /home/marco/ARMToolchain/gcc-arm-none-eabi-4_9-2015q2/bin/../lib/gcc/arm-none-eabi/4.9.3/../../../../arm-none-eabi/lib/armv6-m/libc_nano.a(lib_a-memcmp.o)
 .debug_frame   0x000000e0       0x28 /home/marco/ARMToolchain/gcc-arm-none-eabi-4_9-2015q2/bin/../lib/gcc/arm-none-eabi/4.9.3/../../../../arm-none-eabi/lib/armv6-m/libc_nano.a(lib_a-memcpy.o)
 .debug_frame   0x00000108       0x20 /home/marco/ARMToolchain/gcc-arm-none-eabi-4_9-2015q2/bin/../lib/gcc/arm-none-eabi/4.9.3/../../../../arm-none-eabi/lib/armv6-m/libc_nano.a(lib_a-strlen.o)
